---
source: tests/s1_health_gates.rs
assertion_line: 172
expression: gates
---
[
    Gate {
        label: "API reachable",
        status: Pass,
        value: "(3ms)",
        why: None,
    },
    Gate {
        label: "Chain RPC",
        status: Pass,
        value: "block 100 · Δ +0",
        why: None,
    },
    Gate {
        label: "Wallet funded",
        status: Pass,
        value: "BZZ 1000000000000000000 · native 5000000000000000000",
        why: None,
    },
    Gate {
        label: "Warmup complete",
        status: Pass,
        value: "ready",
        why: None,
    },
    Gate {
        label: "Peers",
        status: Pass,
        value: "87 connected",
        why: None,
    },
    Gate {
        label: "Reserve",
        status: Pass,
        value: "145231 chunks (in-radius: 65536) · radius 8",
        why: None,
    },
    Gate {
        label: "Bin saturation",
        status: Warn,
        value: "4 starving: bin 5, bin 6, bin 7, bin 8",
        why: Some(
            "manually `connect` more peers or wait — kademlia fills bins as the node sees more traffic",
        ),
    },
    Gate {
        label: "Healthy for redistribution",
        status: Pass,
        value: "yes",
        why: None,
    },
    Gate {
        label: "Not frozen",
        status: Pass,
        value: "active",
        why: None,
    },
    Gate {
        label: "Sufficient funds to play",
        status: Pass,
        value: "yes",
        why: None,
    },
]
