---
source: tests/s2_stamps_rows.rs
assertion_line: 104
expression: rows
---
[
    StampRow {
        label: "near-full",
        batch_id_short: "cccccccc…",
        volume: "16.0 GiB",
        worst_bucket_pct: 85,
        worst_bucket_raw: "55/64",
        ttl: "12d  0h",
        immutable: true,
        status: Skewed,
        why: Some(
            "worst bucket 85% > safe headroom — dilute or stop using.",
        ),
    },
]
