---
source: tests/s6_peers_drill.rs
expression: view
---
PeerDrillView {
    peer_overlay: "zzz",
    bin: Some(
        0,
    ),
    balance: Err(
        "Response { status: 503, body: \"Node is syncing\" }",
    ),
    ping: Err(
        "Response { status: 503, body: \"Node is syncing\" }",
    ),
    settlement_received: Err(
        "Response { status: 503, body: \"Node is syncing\" }",
    ),
    settlement_sent: Err(
        "Response { status: 503, body: \"Node is syncing\" }",
    ),
    last_received_cheque: Err(
        "Response { status: 503, body: \"Node is syncing\" }",
    ),
    last_sent_cheque: Err(
        "Response { status: 503, body: \"Node is syncing\" }",
    ),
    storage_radius: Err(
        "Response { status: 503, body: \"Node is syncing\" }",
    ),
    reserve_size: Err(
        "Response { status: 503, body: \"Node is syncing\" }",
    ),
    pullsync_rate: Err(
        "Response { status: 503, body: \"Node is syncing\" }",
    ),
    batch_commitment: Err(
        "Response { status: 503, body: \"Node is syncing\" }",
    ),
}
