---
source: tests/s6_peers_view.rs
expression: view
---
PeersView {
    bins: [
        BinStripRow {
            bin: 0,
            population: 0,
            connected: 0,
            status: Starving,
            is_relevant: true,
        },
        BinStripRow {
            bin: 1,
            population: 0,
            connected: 0,
            status: Starving,
            is_relevant: true,
        },
        BinStripRow {
            bin: 2,
            population: 0,
            connected: 0,
            status: Starving,
            is_relevant: true,
        },
        BinStripRow {
            bin: 3,
            population: 0,
            connected: 0,
            status: Starving,
            is_relevant: true,
        },
        BinStripRow {
            bin: 4,
            population: 0,
            connected: 0,
            status: Starving,
            is_relevant: true,
        },
        BinStripRow {
            bin: 5,
            population: 0,
            connected: 0,
            status: Empty,
            is_relevant: false,
        },
        BinStripRow {
            bin: 6,
            population: 0,
            connected: 0,
            status: Empty,
            is_relevant: false,
        },
        BinStripRow {
            bin: 7,
            population: 0,
            connected: 0,
            status: Empty,
            is_relevant: false,
        },
        BinStripRow {
            bin: 8,
            population: 0,
            connected: 0,
            status: Empty,
            is_relevant: false,
        },
        BinStripRow {
            bin: 9,
            population: 0,
            connected: 0,
            status: Empty,
            is_relevant: false,
        },
        BinStripRow {
            bin: 10,
            population: 0,
            connected: 0,
            status: Empty,
            is_relevant: false,
        },
        BinStripRow {
            bin: 11,
            population: 0,
            connected: 0,
            status: Empty,
            is_relevant: false,
        },
        BinStripRow {
            bin: 12,
            population: 0,
            connected: 0,
            status: Empty,
            is_relevant: false,
        },
        BinStripRow {
            bin: 13,
            population: 0,
            connected: 0,
            status: Empty,
            is_relevant: false,
        },
        BinStripRow {
            bin: 14,
            population: 0,
            connected: 0,
            status: Empty,
            is_relevant: false,
        },
        BinStripRow {
            bin: 15,
            population: 0,
            connected: 0,
            status: Empty,
            is_relevant: false,
        },
        BinStripRow {
            bin: 16,
            population: 0,
            connected: 0,
            status: Empty,
            is_relevant: false,
        },
        BinStripRow {
            bin: 17,
            population: 0,
            connected: 0,
            status: Empty,
            is_relevant: false,
        },
        BinStripRow {
            bin: 18,
            population: 0,
            connected: 0,
            status: Empty,
            is_relevant: false,
        },
        BinStripRow {
            bin: 19,
            population: 0,
            connected: 0,
            status: Empty,
            is_relevant: false,
        },
        BinStripRow {
            bin: 20,
            population: 0,
            connected: 0,
            status: Empty,
            is_relevant: false,
        },
        BinStripRow {
            bin: 21,
            population: 0,
            connected: 0,
            status: Empty,
            is_relevant: false,
        },
        BinStripRow {
            bin: 22,
            population: 0,
            connected: 0,
            status: Empty,
            is_relevant: false,
        },
        BinStripRow {
            bin: 23,
            population: 0,
            connected: 0,
            status: Empty,
            is_relevant: false,
        },
        BinStripRow {
            bin: 24,
            population: 0,
            connected: 0,
            status: Empty,
            is_relevant: false,
        },
        BinStripRow {
            bin: 25,
            population: 0,
            connected: 0,
            status: Empty,
            is_relevant: false,
        },
        BinStripRow {
            bin: 26,
            population: 0,
            connected: 0,
            status: Empty,
            is_relevant: false,
        },
        BinStripRow {
            bin: 27,
            population: 0,
            connected: 0,
            status: Empty,
            is_relevant: false,
        },
        BinStripRow {
            bin: 28,
            population: 0,
            connected: 0,
            status: Empty,
            is_relevant: false,
        },
        BinStripRow {
            bin: 29,
            population: 0,
            connected: 0,
            status: Empty,
            is_relevant: false,
        },
        BinStripRow {
            bin: 30,
            population: 0,
            connected: 0,
            status: Empty,
            is_relevant: false,
        },
        BinStripRow {
            bin: 31,
            population: 0,
            connected: 0,
            status: Empty,
            is_relevant: false,
        },
    ],
    peers: [],
    depth: 0,
    population: 0,
    connected: 0,
    reachability: "Public",
    network_availability: "Available",
    light_connected: 0,
    saturation: SaturationSummary {
        starving: 5,
        over: 0,
        relevant: 5,
        worst_bin: Some(
            0,
        ),
        worst_connected: 0,
    },
}
