---
source: tests/s6_peers_drill.rs
expression: view
---
PeerDrillView {
    peer_overlay: "xxx",
    bin: None,
    balance: Ok(
        "+BZZ 0.0000",
    ),
    ping: Ok(
        "12ms",
    ),
    settlement_received: Ok(
        "—",
    ),
    settlement_sent: Ok(
        "—",
    ),
    last_received_cheque: Err(
        "Response { status: 404, status_text: \"404 Not Found\" }",
    ),
    last_sent_cheque: Err(
        "Response { status: 404, status_text: \"404 Not Found\" }",
    ),
}
